// Jest Snapshot v1, https://goo.gl/fbAQLP

exports[`Add doctor form tests renders correctly 1`] = `
Object {
  "asFragment": [Function],
  "baseElement": <body>
    <div>
      <section
        class="doctor-section"
      >
        <div
          class="doctor-container"
        >
          <h3
            class="doctor-title"
          >
            Add A Doctor
          </h3>
          <form
            class="doctor-form"
          >
            <input
              class="form-control"
              id="name"
              name="name"
              placeholder="Enter your name"
              required=""
              type="text"
              value=""
            />
            <input
              class="form-control"
              id="speciality"
              name="speciality"
              placeholder="Enter your speciality"
              required=""
              type="text"
              value=""
            />
            <input
              class="form-control"
              id="image"
              name="image"
              placeholder="Enter an image url link"
              required=""
              type="file"
            />
            <input
              class="form-control"
              id="fee"
              name="fee"
              placeholder="Enter your fee"
              required=""
              type="number"
              value=""
            />
            <input
              class="button1 btn btn-secondary"
              type="submit"
              value="Submit"
            />
          </form>
        </div>
      </section>
    </div>
  </body>,
  "container": <div>
    <section
      class="doctor-section"
    >
      <div
        class="doctor-container"
      >
        <h3
          class="doctor-title"
        >
          Add A Doctor
        </h3>
        <form
          class="doctor-form"
        >
          <input
            class="form-control"
            id="name"
            name="name"
            placeholder="Enter your name"
            required=""
            type="text"
            value=""
          />
          <input
            class="form-control"
            id="speciality"
            name="speciality"
            placeholder="Enter your speciality"
            required=""
            type="text"
            value=""
          />
          <input
            class="form-control"
            id="image"
            name="image"
            placeholder="Enter an image url link"
            required=""
            type="file"
          />
          <input
            class="form-control"
            id="fee"
            name="fee"
            placeholder="Enter your fee"
            required=""
            type="number"
            value=""
          />
          <input
            class="button1 btn btn-secondary"
            type="submit"
            value="Submit"
          />
        </form>
      </div>
    </section>
  </div>,
  "debug": [Function],
  "findAllByAltText": [Function],
  "findAllByDisplayValue": [Function],
  "findAllByLabelText": [Function],
  "findAllByPlaceholderText": [Function],
  "findAllByRole": [Function],
  "findAllByTestId": [Function],
  "findAllByText": [Function],
  "findAllByTitle": [Function],
  "findByAltText": [Function],
  "findByDisplayValue": [Function],
  "findByLabelText": [Function],
  "findByPlaceholderText": [Function],
  "findByRole": [Function],
  "findByTestId": [Function],
  "findByText": [Function],
  "findByTitle": [Function],
  "getAllByAltText": [Function],
  "getAllByDisplayValue": [Function],
  "getAllByLabelText": [Function],
  "getAllByPlaceholderText": [Function],
  "getAllByRole": [Function],
  "getAllByTestId": [Function],
  "getAllByText": [Function],
  "getAllByTitle": [Function],
  "getByAltText": [Function],
  "getByDisplayValue": [Function],
  "getByLabelText": [Function],
  "getByPlaceholderText": [Function],
  "getByRole": [Function],
  "getByTestId": [Function],
  "getByText": [Function],
  "getByTitle": [Function],
  "queryAllByAltText": [Function],
  "queryAllByDisplayValue": [Function],
  "queryAllByLabelText": [Function],
  "queryAllByPlaceholderText": [Function],
  "queryAllByRole": [Function],
  "queryAllByTestId": [Function],
  "queryAllByText": [Function],
  "queryAllByTitle": [Function],
  "queryByAltText": [Function],
  "queryByDisplayValue": [Function],
  "queryByLabelText": [Function],
  "queryByPlaceholderText": [Function],
  "queryByRole": [Function],
  "queryByTestId": [Function],
  "queryByText": [Function],
  "queryByTitle": [Function],
  "rerender": [Function],
  "unmount": [Function],
}
`;
