// Jest Snapshot v1, https://goo.gl/fbAQLP

exports[`Book Appointment form tests renders correctly 1`] = `
Object {
  "asFragment": [Function],
  "baseElement": <body>
    <div>
      <section
        class="appointments-section"
      >
        <div
          class="appointments-container"
        >
          <h3
            class="appointments-title"
          >
            Book an Appointment
          </h3>
          <form
            class="appointments-form"
          >
            <input
              class="form-control"
              id="city"
              name="city"
              placeholder="Enter city"
              required=""
              type="text"
              value=""
            />
            <input
              class="form-control"
              id="datetime"
              max="2050-08-17T00:00"
              min="2022-08-17T00:00"
              name="appointmenTime"
              required=""
              type="datetime-local"
              value=""
            />
            <select
              class="select"
              id="doctor"
              name="doctorId"
            >
              <option
                value=""
              >
                Select your doctor
              </option>
              No Doctors available
            </select>
            <input
              class="button1 btn btn-secondary"
              type="submit"
              value="Book Appointment"
            />
          </form>
        </div>
      </section>
    </div>
  </body>,
  "container": <div>
    <section
      class="appointments-section"
    >
      <div
        class="appointments-container"
      >
        <h3
          class="appointments-title"
        >
          Book an Appointment
        </h3>
        <form
          class="appointments-form"
        >
          <input
            class="form-control"
            id="city"
            name="city"
            placeholder="Enter city"
            required=""
            type="text"
            value=""
          />
          <input
            class="form-control"
            id="datetime"
            max="2050-08-17T00:00"
            min="2022-08-17T00:00"
            name="appointmenTime"
            required=""
            type="datetime-local"
            value=""
          />
          <select
            class="select"
            id="doctor"
            name="doctorId"
          >
            <option
              value=""
            >
              Select your doctor
            </option>
            No Doctors available
          </select>
          <input
            class="button1 btn btn-secondary"
            type="submit"
            value="Book Appointment"
          />
        </form>
      </div>
    </section>
  </div>,
  "debug": [Function],
  "findAllByAltText": [Function],
  "findAllByDisplayValue": [Function],
  "findAllByLabelText": [Function],
  "findAllByPlaceholderText": [Function],
  "findAllByRole": [Function],
  "findAllByTestId": [Function],
  "findAllByText": [Function],
  "findAllByTitle": [Function],
  "findByAltText": [Function],
  "findByDisplayValue": [Function],
  "findByLabelText": [Function],
  "findByPlaceholderText": [Function],
  "findByRole": [Function],
  "findByTestId": [Function],
  "findByText": [Function],
  "findByTitle": [Function],
  "getAllByAltText": [Function],
  "getAllByDisplayValue": [Function],
  "getAllByLabelText": [Function],
  "getAllByPlaceholderText": [Function],
  "getAllByRole": [Function],
  "getAllByTestId": [Function],
  "getAllByText": [Function],
  "getAllByTitle": [Function],
  "getByAltText": [Function],
  "getByDisplayValue": [Function],
  "getByLabelText": [Function],
  "getByPlaceholderText": [Function],
  "getByRole": [Function],
  "getByTestId": [Function],
  "getByText": [Function],
  "getByTitle": [Function],
  "queryAllByAltText": [Function],
  "queryAllByDisplayValue": [Function],
  "queryAllByLabelText": [Function],
  "queryAllByPlaceholderText": [Function],
  "queryAllByRole": [Function],
  "queryAllByTestId": [Function],
  "queryAllByText": [Function],
  "queryAllByTitle": [Function],
  "queryByAltText": [Function],
  "queryByDisplayValue": [Function],
  "queryByLabelText": [Function],
  "queryByPlaceholderText": [Function],
  "queryByRole": [Function],
  "queryByTestId": [Function],
  "queryByText": [Function],
  "queryByTitle": [Function],
  "rerender": [Function],
  "unmount": [Function],
}
`;
