// Jest Snapshot v1, https://goo.gl/fbAQLP

exports[`Register tests renders correctly 1`] = `
Object {
  "asFragment": [Function],
  "baseElement": <body>
    <div>
      <section
        class="register-section"
      >
        <div
          class="register-container"
        >
          <p />
          <h2
            class="register-title"
          >
            Sign Up
          </h2>
          <form
            class="register-form"
          >
            <input
              class="form-control"
              id="name"
              name="name"
              placeholder="Enter your name"
              required=""
              type="text"
              value=""
            />
            <input
              class="form-control"
              id="Email"
              name="email"
              placeholder="Email"
              required=""
              type="text"
              value=""
            />
            <div
              class="d-flex"
            >
              <button
                class="button1 btn btn-secondary me-4 fs-4"
                type="submit"
              >
                Sign Up
              </button>
              <a
                class=""
                href="/login"
              >
                <button
                  class="button1 btn btn-secondary me-4 fs-4"
                  type="button"
                >
                  Log in
                </button>
              </a>
            </div>
          </form>
        </div>
      </section>
    </div>
  </body>,
  "container": <div>
    <section
      class="register-section"
    >
      <div
        class="register-container"
      >
        <p />
        <h2
          class="register-title"
        >
          Sign Up
        </h2>
        <form
          class="register-form"
        >
          <input
            class="form-control"
            id="name"
            name="name"
            placeholder="Enter your name"
            required=""
            type="text"
            value=""
          />
          <input
            class="form-control"
            id="Email"
            name="email"
            placeholder="Email"
            required=""
            type="text"
            value=""
          />
          <div
            class="d-flex"
          >
            <button
              class="button1 btn btn-secondary me-4 fs-4"
              type="submit"
            >
              Sign Up
            </button>
            <a
              class=""
              href="/login"
            >
              <button
                class="button1 btn btn-secondary me-4 fs-4"
                type="button"
              >
                Log in
              </button>
            </a>
          </div>
        </form>
      </div>
    </section>
  </div>,
  "debug": [Function],
  "findAllByAltText": [Function],
  "findAllByDisplayValue": [Function],
  "findAllByLabelText": [Function],
  "findAllByPlaceholderText": [Function],
  "findAllByRole": [Function],
  "findAllByTestId": [Function],
  "findAllByText": [Function],
  "findAllByTitle": [Function],
  "findByAltText": [Function],
  "findByDisplayValue": [Function],
  "findByLabelText": [Function],
  "findByPlaceholderText": [Function],
  "findByRole": [Function],
  "findByTestId": [Function],
  "findByText": [Function],
  "findByTitle": [Function],
  "getAllByAltText": [Function],
  "getAllByDisplayValue": [Function],
  "getAllByLabelText": [Function],
  "getAllByPlaceholderText": [Function],
  "getAllByRole": [Function],
  "getAllByTestId": [Function],
  "getAllByText": [Function],
  "getAllByTitle": [Function],
  "getByAltText": [Function],
  "getByDisplayValue": [Function],
  "getByLabelText": [Function],
  "getByPlaceholderText": [Function],
  "getByRole": [Function],
  "getByTestId": [Function],
  "getByText": [Function],
  "getByTitle": [Function],
  "queryAllByAltText": [Function],
  "queryAllByDisplayValue": [Function],
  "queryAllByLabelText": [Function],
  "queryAllByPlaceholderText": [Function],
  "queryAllByRole": [Function],
  "queryAllByTestId": [Function],
  "queryAllByText": [Function],
  "queryAllByTitle": [Function],
  "queryByAltText": [Function],
  "queryByDisplayValue": [Function],
  "queryByLabelText": [Function],
  "queryByPlaceholderText": [Function],
  "queryByRole": [Function],
  "queryByTestId": [Function],
  "queryByText": [Function],
  "queryByTitle": [Function],
  "rerender": [Function],
  "unmount": [Function],
}
`;
