// Jest Snapshot v1, https://goo.gl/fbAQLP

exports[`Splash screen tests renders correctly 1`] = `
Object {
  "asFragment": [Function],
  "baseElement": <body>
    <div>
      <div
        class="background container-fluid d-flex flex-column align-items-center justify-content-around vw-100"
      >
        <h1
          class="header align-items-center"
        >
          Doctors Appointment
        </h1>
        <div
          class="btncontainer"
        >
          <a
            class=""
            href="/login"
          >
            <button
              class="button1 btn btn-secondary me-5 fs-5"
              type="button"
            >
              Log in
            </button>
          </a>
          <a
            class=""
            href="/signup"
          >
            <button
              class="button1 btn btn-secondary me-5 fs-5"
              type="button"
            >
              Sign up
            </button>
          </a>
        </div>
      </div>
    </div>
  </body>,
  "container": <div>
    <div
      class="background container-fluid d-flex flex-column align-items-center justify-content-around vw-100"
    >
      <h1
        class="header align-items-center"
      >
        Doctors Appointment
      </h1>
      <div
        class="btncontainer"
      >
        <a
          class=""
          href="/login"
        >
          <button
            class="button1 btn btn-secondary me-5 fs-5"
            type="button"
          >
            Log in
          </button>
        </a>
        <a
          class=""
          href="/signup"
        >
          <button
            class="button1 btn btn-secondary me-5 fs-5"
            type="button"
          >
            Sign up
          </button>
        </a>
      </div>
    </div>
  </div>,
  "debug": [Function],
  "findAllByAltText": [Function],
  "findAllByDisplayValue": [Function],
  "findAllByLabelText": [Function],
  "findAllByPlaceholderText": [Function],
  "findAllByRole": [Function],
  "findAllByTestId": [Function],
  "findAllByText": [Function],
  "findAllByTitle": [Function],
  "findByAltText": [Function],
  "findByDisplayValue": [Function],
  "findByLabelText": [Function],
  "findByPlaceholderText": [Function],
  "findByRole": [Function],
  "findByTestId": [Function],
  "findByText": [Function],
  "findByTitle": [Function],
  "getAllByAltText": [Function],
  "getAllByDisplayValue": [Function],
  "getAllByLabelText": [Function],
  "getAllByPlaceholderText": [Function],
  "getAllByRole": [Function],
  "getAllByTestId": [Function],
  "getAllByText": [Function],
  "getAllByTitle": [Function],
  "getByAltText": [Function],
  "getByDisplayValue": [Function],
  "getByLabelText": [Function],
  "getByPlaceholderText": [Function],
  "getByRole": [Function],
  "getByTestId": [Function],
  "getByText": [Function],
  "getByTitle": [Function],
  "queryAllByAltText": [Function],
  "queryAllByDisplayValue": [Function],
  "queryAllByLabelText": [Function],
  "queryAllByPlaceholderText": [Function],
  "queryAllByRole": [Function],
  "queryAllByTestId": [Function],
  "queryAllByText": [Function],
  "queryAllByTitle": [Function],
  "queryByAltText": [Function],
  "queryByDisplayValue": [Function],
  "queryByLabelText": [Function],
  "queryByPlaceholderText": [Function],
  "queryByRole": [Function],
  "queryByTestId": [Function],
  "queryByText": [Function],
  "queryByTitle": [Function],
  "rerender": [Function],
  "unmount": [Function],
}
`;
